INFO:     Started server process [15604]
INFO:     Waiting for application startup.
WARNING:app.main:MongoDB is unavailable. Database endpoints will retry when MongoDB becomes reachable.
INFO:     Application startup complete.
ERROR:    [Errno 10048] error while attempting to bind on address ('127.0.0INFO:google_genai.models:AFC is enabled with max remote calls: 10.
ERROR:    Exception in ASGI application
Traceback (most recent call last):
  File "D:\ai-smart-civic-services\backend\venv\lib\site-packages\pymongo\synchronous\srv_resolver.py", line 108, in _resolve_uri
    results = _resolve(
  File "D:\ai-smart-civic-services\backend\venv\lib\site-packages\pymongo\synchronous\srv_resolver.py", line 53, in _resolve
    return resolver.resolve(*args, **kwargs)
  File "D:\ai-smart-civic-services\backend\venv\lib\site-packages\dns\resolver.py", line 1572, in resolve
    return get_default_resolver().resolve(
  File "D:\ai-smart-civic-services\backend\venv\lib\site-packages\dns\resolver.py", line 1328, in resolve
    timeout = self._compute_timeout(start, lifetime, resolution.errors)
  File "D:\ai-smart-civic-services\backend\venv\lib\site-packages\dns\resolver.py", line 1084, in _compute_timeout
    raise LifetimeTimeout(timeout=duration, errors=errors)
dns.resolver.LifetimeTimeout: The resolution lifetime expired after 20.214 seconds: Server Do53:8.8.8.8@53 answered The DNS operation timed out.; Server Do53:192.168.30.1@53 answered The DNS operation timed out.; Server Do53:192.168.0.1@53 answered The DNS operation timed out.; Server Do53:192.168.60.1@53 answered The DNS operation timed out.; Server Do53:192.168.50.11@53 answered The DNS operation timed out.; Server Do53:8.8.8.8@53 answered The DNS operation timed out.; Server Do53:192.168.30.1@53 answered The DNS operation timed out.; Server Do53:192.168.0.1@53 answered The DNS operation timed out.; Server Do53:192.168.60.1@53 answered The DNS operation timed out.; Server Do53:192.168.50.11@53 answered The DNS operation timed out.

The above exception was the direct cause of the following exception:

Traceback (most recent call last):
  File "D:\ai-smart-civic-services\backend\venv\lib\site-packages\uvicorn\protocols\http\h11_impl.py", line 416, in run_asgi
    result = await app(  # type: ignore[func-returns-value]
  File "D:\ai-smart-civic-services\backend\venv\lib\site-packages\uvicorn\middleware\proxy_headers.py", line 63, in __call__
    return await self.app(scope, receive, send)
  File "D:\ai-smart-civic-services\backend\venv\lib\site-packages\fastapi\applications.py", line 1163, in __call__
    await super().__call__(scope, receive, send)
  File "D:\ai-smart-civic-services\backend\venv\lib\site-packages\starlette\applications.py", line 96, in __call__
    await self.middleware_stack(scope, receive, send)
  File "D:\ai-smart-civic-services\backend\venv\lib\site-packages\starlette\middleware\errors.py", line 186, in __call__
    raise exc
  File "D:\ai-smart-civic-services\backend\venv\lib\site-packages\starlette\middleware\errors.py", line 164, in __call__
    await self.app(scope, receive, _send)
  File "D:\ai-smart-civic-services\backend\venv\lib\site-packages\starlette\middleware\cors.py", line 96, in __call__
    await self.simple_response(scope, receive, send, request_headers=headers)
  File "D:\ai-smart-civic-services\backend\venv\lib\site-packages\starlette\middleware\cors.py", line 154, in simple_response
    await self.app(scope, receive, send)
  File "D:\ai-smart-civic-services\backend\venv\lib\site-packages\starlette\middleware\exceptions.py", line 63, in __call__
    await wrap_app_handling_exceptions(self.app, conn)(scope, receive, send)
  File "D:\ai-smart-civic-services\backend\venv\lib\site-packages\starlette\_exception_handler.py", line 53, in wrapped_app
    raise exc
  File "D:\ai-smart-civic-services\backend\venv\lib\site-packages\starlette\_exception_handler.py", line 42, in wrapped_app
    await app(scope, receive, sender)
  File "D:\ai-smart-civic-services\backend\venv\lib\site-packages\fastapi\middleware\asyncexitstack.py", line 18, in __call__
    await self.app(scope, receive, send)
  File "D:\ai-smart-civic-services\backend\venv\lib\site-packages\starlette\routing.py", line 670, in __call__
    await self.middleware_stack(scope, receive, send)
  File "D:\ai-smart-civic-services\backend\venv\lib\site-packages\fastapi\routing.py", line 2734, in app
    await route.handle(scope, receive, send)
  File "D:\ai-smart-civic-services\backend\venv\lib\site-packages\fastapi\routing.py", line 1780, in handle
    await self.original_router.handle(scope, receive, send)
  File "D:\ai-smart-civic-services\backend\venv\lib\site-packages\fastapi\routing.py", line 2789, in handle
    await included_router._handle_selected(scope, receive, send)
  File "D:\ai-smart-civic-services\backend\venv\lib\site-packages\fastapi\routing.py", line 1800, in _handle_selected
    await original_route.handle(scope, receive, send)
  File "D:\ai-smart-civic-services\backend\venv\lib\site-packages\fastapi\routing.py", line 1279, in handle
    await app(scope, receive, send)
  File "D:\ai-smart-civic-services\backend\venv\lib\site-packages\fastapi\routing.py", line 158, in app
    await wrap_app_handling_exceptions(app, request)(scope, receive, send)
  File "D:\ai-smart-civic-services\backend\venv\lib\site-packages\starlette\_exception_handler.py", line 53, in wrapped_app
    raise exc
  File "D:\ai-smart-civic-services\backend\venv\lib\site-packages\starlette\_exception_handler.py", line 42, in wrapped_app
    await app(scope, receive, sender)
  File "D:\ai-smart-civic-services\backend\venv\lib\site-packages\fastapi\routing.py", line 144, in app
    response = await f(request)
  File "D:\ai-smart-civic-services\backend\venv\lib\site-packages\fastapi\routing.py", line 706, in app
    raw_response = await run_endpoint_function(
  File "D:\ai-smart-civic-services\backend\venv\lib\site-packages\fastapi\routing.py", line 354, in run_endpoint_function
    return await run_in_threadpool(dependant.call, **values)
  File "D:\ai-smart-civic-services\backend\venv\lib\site-packages\starlette\concurrency.py", line 34, in run_in_threadpool
    return await anyio.to_thread.run_sync(func)
  File "D:\ai-smart-civic-services\backend\venv\lib\site-packages\anyio\to_thread.py", line 65, in run_sync
    return await get_async_backend().run_sync_in_worker_thread(
  File "D:\ai-smart-civic-services\backend\venv\lib\site-packages\anyio\_backends\_asyncio.py", line 2641, in run_sync_in_worker_thread
    return await future
  File "D:\ai-smart-civic-services\backend\venv\lib\site-packages\anyio\_backends\_asyncio.py", line 1033, in run
    result = context.run(func, *args)
  File "D:\ai-smart-civic-services\backend\app\routes\complaints.py", line 66, in analyze_preview
    existing = complaint_manager.get_all(db, limit=500)
  File "D:\ai-smart-civic-services\backend\app\services\db_manager.py", line 21, in get_all
    return [self.model.from_document(document) for document in cursor]
  File "D:\ai-smart-civic-services\backend\app\services\db_manager.py", line 21, in <listcomp>
    return [self.model.from_document(document) for document in cursor]
  File "D:\ai-smart-civic-services\backend\venv\lib\site-packages\pymongo\synchronous\cursor.py", line 1166, in __next__
    return self.next()
  File "D:\ai-smart-civic-services\backend\venv\lib\site-packages\pymongo\synchronous\cursor.py", line 1142, in next
    if len(self._data) or self._refresh():
  File "D:\ai-smart-civic-services\backend\venv\lib\site-packages\pymongo\synchronous\cursor.py", line 1090, in _refresh
    self._send_message(q)
  File "D:\ai-smart-civic-services\backend\venv\lib\site-packages\pymongo\synchronous\cursor.py", line 985, in _send_message
    response = client._run_operation(
  File "D:\ai-smart-civic-services\backend\venv\lib\site-packages\pymongo\_csot.py", line 125, in csot_wrapper
    return func(self, *args, **kwargs)
  File "D:\ai-smart-civic-services\backend\venv\lib\site-packages\pymongo\synchronous\mongo_client.py", line 1956, in _run_operation
    return self._retryable_read(
  File "D:\ai-smart-civic-services\backend\venv\lib\site-packages\pymongo\synchronous\mongo_client.py", line 2076, in _retryable_read
    return self._retry_internal(
  File "D:\ai-smart-civic-services\backend\venv\lib\site-packages\pymongo\_csot.py", line 125, in csot_wrapper
    return func(self, *args, **kwargs)
  File "D:\ai-smart-civic-services\backend\venv\lib\site-packages\pymongo\synchronous\mongo_client.py", line 2038, in _retry_internal
    ).run()
  File "D:\ai-smart-civic-services\backend\venv\lib\site-packages\pymongo\synchronous\mongo_client.py", line 2811, in run
    res = self._read() if self._is_read else self._write()
  File "D:\ai-smart-civic-services\backend\venv\lib\site-packages\pymongo\synchronous\mongo_client.py", line 3027, in _read
    self._server = self._get_server()
  File "D:\ai-smart-civic-services\backend\venv\lib\site-packages\pymongo\synchronous\mongo_client.py", line 2975, in _get_server
    return self._client._select_server(
  File "D:\ai-smart-civic-services\backend\venv\lib\site-packages\pymongo\synchronous\mongo_client.py", line 1838, in _select_server
    topology = self._get_topology()
  File "D:\ai-smart-civic-services\backend\venv\lib\site-packages\pymongo\synchronous\mongo_client.py", line 1776, in _get_topology
    self._resolve_srv()
  File "D:\ai-smart-civic-services\backend\venv\lib\site-packages\pymongo\synchronous\mongo_client.py", line 927, in _resolve_srv
    res = uri_parser._parse_srv(
  File "D:\ai-smart-civic-services\backend\venv\lib\site-packages\pymongo\synchronous\uri_parser.py", line 168, in _parse_srv
    nodes = dns_resolver.get_hosts()
  File "D:\ai-smart-civic-services\backend\venv\lib\site-packages\pymongo\synchronous\srv_resolver.py", line 148, in get_hosts
    _, nodes = self._get_srv_response_and_hosts(True)
  File "D:\ai-smart-civic-services\backend\venv\lib\site-packages\pymongo\synchronous\srv_resolver.py", line 122, in _get_srv_response_and_hosts
    results = self._resolve_uri(encapsulate_errors)
  File "D:\ai-smart-civic-services\backend\venv\lib\site-packages\pymongo\synchronous\srv_resolver.py", line 116, in _resolve_uri
    raise ConfigurationError(str(exc)) from exc
pymongo.errors.ConfigurationError: The resolution lifetime expired after 20.214 seconds: Server Do53:8.8.8.8@53 answered The DNS operation timed out.; Server Do53:192.168.30.1@53 answered The DNS operation timed out.; Server Do53:192.168.0.1@53 answered The DNS operation timed out.; Server Do53:192.168.60.1@53 answered The DNS operation timed out.; Server Do53:192.168.50.11@53 answered The DNS operation timed out.; Server Do53:8.8.8.8@53 answered The DNS operation timed out.; Server Do53:192.168.30.1@53 answered The DNS operation timed out.; Server Do53:192.168.0.1@53 answered The DNS operation timed out.; Server Do53:192.168.60.1@53 answered The DNS operation timed out.; Server Do53:192.168.50.11@53 answered The DNS operation timed out.
INFO:google_genai.models:AFC is enabled with max remote calls: 10.
ERROR:    Exception in ASGI application
Traceback (most recent call last):
  File "D:\ai-smart-civic-services\backend\venv\lib\site-packages\pymongo\synchronous\srv_resolver.py", line 108, in _resolve_uri
    results = _resolve(
  File "D:\ai-smart-civic-services\backend\venv\lib\site-packages\pymongo\synchronous\srv_resolver.py", line 53, in _resolve
    return resolver.resolve(*args, **kwargs)
  File "D:\ai-smart-civic-services\backend\venv\lib\site-packages\dns\resolver.py", line 1572, in resolve
    return get_default_resolver().resolve(
  File "D:\ai-smart-civic-services\backend\venv\lib\site-packages\dns\resolver.py", line 1328, in resolve
    timeout = self._compute_timeout(start, lifetime, resolution.errors)
  File "D:\ai-smart-civic-services\backend\venv\lib\site-packages\dns\resolver.py", line 1084, in _compute_timeout
    raise LifetimeTimeout(timeout=duration, errors=errors)
dns.resolver.LifetimeTimeout: The resolution lifetime expired after 20.218 seconds: Server Do53:8.8.8.8@53 answered The DNS operation timed out.; Server Do53:192.168.30.1@53 answered The DNS operation timed out.; Server Do53:192.168.0.1@53 answered The DNS operation timed out.; Server Do53:192.168.60.1@53 answered The DNS operation timed out.; Server Do53:192.168.50.11@53 answered The DNS operation timed out.; Server Do53:8.8.8.8@53 answered The DNS operation timed out.; Server Do53:192.168.30.1@53 answered The DNS operation timed out.; Server Do53:192.168.0.1@53 answered The DNS operation timed out.; Server Do53:192.168.60.1@53 answered The DNS operation timed out.; Server Do53:192.168.50.11@53 answered The DNS operation timed out.

The above exception was the direct cause of the following exception:

Traceback (most recent call last):
  File "D:\ai-smart-civic-services\backend\venv\lib\site-packages\uvicorn\protocols\http\h11_impl.py", line 416, in run_asgi
    result = await app(  # type: ignore[func-returns-value]
  File "D:\ai-smart-civic-services\backend\venv\lib\site-packages\uvicorn\middleware\proxy_headers.py", line 63, in __call__
    return await self.app(scope, receive, send)
  File "D:\ai-smart-civic-services\backend\venv\lib\site-packages\fastapi\applications.py", line 1163, in __call__
    await super().__call__(scope, receive, send)
  File "D:\ai-smart-civic-services\backend\venv\lib\site-packages\starlette\applications.py", line 96, in __call__
    await self.middleware_stack(scope, receive, send)
  File "D:\ai-smart-civic-services\backend\venv\lib\site-packages\starlette\middleware\errors.py", line 186, in __call__
    raise exc
  File "D:\ai-smart-civic-services\backend\venv\lib\site-packages\starlette\middleware\errors.py", line 164, in __call__
    await self.app(scope, receive, _send)
  File "D:\ai-smart-civic-services\backend\venv\lib\site-packages\starlette\middleware\cors.py", line 96, in __call__
    await self.simple_response(scope, receive, send, request_headers=headers)
  File "D:\ai-smart-civic-services\backend\venv\lib\site-packages\starlette\middleware\cors.py", line 154, in simple_response
    await self.app(scope, receive, send)
  File "D:\ai-smart-civic-services\backend\venv\lib\site-packages\starlette\middleware\exceptions.py", line 63, in __call__
    await wrap_app_handling_exceptions(self.app, conn)(scope, receive, send)
  File "D:\ai-smart-civic-services\backend\venv\lib\site-packages\starlette\_exception_handler.py", line 53, in wrapped_app
    raise exc
  File "D:\ai-smart-civic-services\backend\venv\lib\site-packages\starlette\_exception_handler.py", line 42, in wrapped_app
    await app(scope, receive, sender)
  File "D:\ai-smart-civic-services\backend\venv\lib\site-packages\fastapi\middleware\asyncexitstack.py", line 18, in __call__
    await self.app(scope, receive, send)
  File "D:\ai-smart-civic-services\backend\venv\lib\site-packages\starlette\routing.py", line 670, in __call__
    await self.middleware_stack(scope, receive, send)
  File "D:\ai-smart-civic-services\backend\venv\lib\site-packages\fastapi\routing.py", line 2734, in app
    await route.handle(scope, receive, send)
  File "D:\ai-smart-civic-services\backend\venv\lib\site-packages\fastapi\routing.py", line 1780, in handle
    await self.original_router.handle(scope, receive, send)
  File "D:\ai-smart-civic-services\backend\venv\lib\site-packages\fastapi\routing.py", line 2789, in handle
    await included_router._handle_selected(scope, receive, send)
  File "D:\ai-smart-civic-services\backend\venv\lib\site-packages\fastapi\routing.py", line 1800, in _handle_selected
    await original_route.handle(scope, receive, send)
  File "D:\ai-smart-civic-services\backend\venv\lib\site-packages\fastapi\routing.py", line 1279, in handle
    await app(scope, receive, send)
  File "D:\ai-smart-civic-services\backend\venv\lib\site-packages\fastapi\routing.py", line 158, in app
    await wrap_app_handling_exceptions(app, request)(scope, receive, send)
  File "D:\ai-smart-civic-services\backend\venv\lib\site-packages\starlette\_exception_handler.py", line 53, in wrapped_app
    raise exc
  File "D:\ai-smart-civic-services\backend\venv\lib\site-packages\starlette\_exception_handler.py", line 42, in wrapped_app
    await app(scope, receive, sender)
  File "D:\ai-smart-civic-services\backend\venv\lib\site-packages\fastapi\routing.py", line 144, in app
    response = await f(request)
  File "D:\ai-smart-civic-services\backend\venv\lib\site-packages\fastapi\routing.py", line 706, in app
    raw_response = await run_endpoint_function(
  File "D:\ai-smart-civic-services\backend\venv\lib\site-packages\fastapi\routing.py", line 354, in run_endpoint_function
    return await run_in_threadpool(dependant.call, **values)
  File "D:\ai-smart-civic-services\backend\venv\lib\site-packages\starlette\concurrency.py", line 34, in run_in_threadpool
    return await anyio.to_thread.run_sync(func)
  File "D:\ai-smart-civic-services\backend\venv\lib\site-packages\anyio\to_thread.py", line 65, in run_sync
    return await get_async_backend().run_sync_in_worker_thread(
  File "D:\ai-smart-civic-services\backend\venv\lib\site-packages\anyio\_backends\_asyncio.py", line 2641, in run_sync_in_worker_thread
    return await future
  File "D:\ai-smart-civic-services\backend\venv\lib\site-packages\anyio\_backends\_asyncio.py", line 1033, in run
    result = context.run(func, *args)
  File "D:\ai-smart-civic-services\backend\app\routes\complaints.py", line 81, in create_complaint
    existing = complaint_manager.get_all(db, limit=500)
  File "D:\ai-smart-civic-services\backend\app\services\db_manager.py", line 21, in get_all
    return [self.model.from_document(document) for document in cursor]
  File "D:\ai-smart-civic-services\backend\app\services\db_manager.py", line 21, in <listcomp>
    return [self.model.from_document(document) for document in cursor]
  File "D:\ai-smart-civic-services\backend\venv\lib\site-packages\pymongo\synchronous\cursor.py", line 1166, in __next__
    return self.next()
  File "D:\ai-smart-civic-services\backend\venv\lib\site-packages\pymongo\synchronous\cursor.py", line 1142, in next
    if len(self._data) or self._refresh():
  File "D:\ai-smart-civic-services\backend\venv\lib\site-packages\pymongo\synchronous\cursor.py", line 1090, in _refresh
    self._send_message(q)
  File "D:\ai-smart-civic-services\backend\venv\lib\site-packages\pymongo\synchronous\cursor.py", line 985, in _send_message
    response = client._run_operation(
  File "D:\ai-smart-civic-services\backend\venv\lib\site-packages\pymongo\_csot.py", line 125, in csot_wrapper
    return func(self, *args, **kwargs)
  File "D:\ai-smart-civic-services\backend\venv\lib\site-packages\pymongo\synchronous\mongo_client.py", line 1956, in _run_operation
    return self._retryable_read(
  File "D:\ai-smart-civic-services\backend\venv\lib\site-packages\pymongo\synchronous\mongo_client.py", line 2076, in _retryable_read
    return self._retry_internal(
  File "D:\ai-smart-civic-services\backend\venv\lib\site-packages\pymongo\_csot.py", line 125, in csot_wrapper
    return func(self, *args, **kwargs)
  File "D:\ai-smart-civic-services\backend\venv\lib\site-packages\pymongo\synchronous\mongo_client.py", line 2038, in _retry_internal
    ).run()
  File "D:\ai-smart-civic-services\backend\venv\lib\site-packages\pymongo\synchronous\mongo_client.py", line 2811, in run
    res = self._read() if self._is_read else self._write()
  File "D:\ai-smart-civic-services\backend\venv\lib\site-packages\pymongo\synchronous\mongo_client.py", line 3027, in _read
    self._server = self._get_server()
  File "D:\ai-smart-civic-services\backend\venv\lib\site-packages\pymongo\synchronous\mongo_client.py", line 2975, in _get_server
    return self._client._select_server(
  File "D:\ai-smart-civic-services\backend\venv\lib\site-packages\pymongo\synchronous\mongo_client.py", line 1838, in _select_server
    topology = self._get_topology()
  File "D:\ai-smart-civic-services\backend\venv\lib\site-packages\pymongo\synchronous\mongo_client.py", line 1776, in _get_topology
    self._resolve_srv()
  File "D:\ai-smart-civic-services\backend\venv\lib\site-packages\pymongo\synchronous\mongo_client.py", line 927, in _resolve_srv
    res = uri_parser._parse_srv(
  File "D:\ai-smart-civic-services\backend\venv\lib\site-packages\pymongo\synchronous\uri_parser.py", line 168, in _parse_srv
    nodes = dns_resolver.get_hosts()
  File "D:\ai-smart-civic-services\backend\venv\lib\site-packages\pymongo\synchronous\srv_resolver.py", line 148, in get_hosts
    _, nodes = self._get_srv_response_and_hosts(True)
  File "D:\ai-smart-civic-services\backend\venv\lib\site-packages\pymongo\synchronous\srv_resolver.py", line 122, in _get_srv_response_and_hosts
    results = self._resolve_uri(encapsulate_errors)
  File "D:\ai-smart-civic-services\backend\venv\lib\site-packages\pymongo\synchronous\srv_resolver.py", line 116, in _resolve_uri
    raise ConfigurationError(str(exc)) from exc
pymongo.errors.ConfigurationError: The resolution lifetime expired after 20.218 seconds: Server Do53:8.8.8.8@53 answered The DNS operation timed out.; Server Do53:192.168.30.1@53 answered The DNS operation timed out.; Server Do53:192.168.0.1@53 answered The DNS operation timed out.; Server Do53:192.168.60.1@53 answered The DNS operation timed out.; Server Do53:192.168.50.11@53 answered The DNS operation timed out.; Server Do53:8.8.8.8@53 answered The DNS operation timed out.; Server Do53:192.168.30.1@53 answered The DNS operation timed out.; Server Do53:192.168.0.1@53 answered The DNS operation timed out.; Server Do53:192.168.60.1@53 answered The DNS operation timed out.; Server Do53:192.168.50.11@53 answered The DNS operation timed out.
INFO:google_genai.models:AFC is enabled with max remote calls: 10.
ERROR:    Exception in ASGI application
Traceback (most recent call last):
  File "D:\ai-smart-civic-services\backend\venv\lib\site-packages\pymongo\synchronous\srv_resolver.py", line 108, in _resolve_uri
    results = _resolve(
  File "D:\ai-smart-civic-services\backend\venv\lib\site-packages\pymongo\synchronous\srv_resolver.py", line 53, in _resolve
    return resolver.resolve(*args, **kwargs)
  File "D:\ai-smart-civic-services\backend\venv\lib\site-packages\dns\resolver.py", line 1572, in resolve
    return get_default_resolver().resolve(
  File "D:\ai-smart-civic-services\backend\venv\lib\site-packages\dns\resolver.py", line 1328, in resolve
    timeout = self._compute_timeout(start, lifetime, resolution.errors)
  File "D:\ai-smart-civic-services\backend\venv\lib\site-packages\dns\resolver.py", line 1084, in _compute_timeout
    raise LifetimeTimeout(timeout=duration, errors=errors)
dns.resolver.LifetimeTimeout: The resolution lifetime expired after 20.212 seconds: Server Do53:8.8.8.8@53 answered The DNS operation timed out.; Server Do53:192.168.30.1@53 answered The DNS operation timed out.; Server Do53:192.168.0.1@53 answered The DNS operation timed out.; Server Do53:192.168.60.1@53 answered The DNS operation timed out.; Server Do53:192.168.50.11@53 answered The DNS operation timed out.; Server Do53:8.8.8.8@53 answered The DNS operation timed out.; Server Do53:192.168.30.1@53 answered The DNS operation timed out.; Server Do53:192.168.0.1@53 answered The DNS operation timed out.; Server Do53:192.168.60.1@53 answered The DNS operation timed out.; Server Do53:192.168.50.11@53 answered The DNS operation timed out.

The above exception was the direct cause of the following exception:

Traceback (most recent call last):
  File "D:\ai-smart-civic-services\backend\venv\lib\site-packages\uvicorn\protocols\http\h11_impl.py", line 416, in run_asgi
    result = await app(  # type: ignore[func-returns-value]
  File "D:\ai-smart-civic-services\backend\venv\lib\site-packages\uvicorn\middleware\proxy_headers.py", line 63, in __call__
    return await self.app(scope, receive, send)
  File "D:\ai-smart-civic-services\backend\venv\lib\site-packages\fastapi\applications.py", line 1163, in __call__
    await super().__call__(scope, receive, send)
  File "D:\ai-smart-civic-services\backend\venv\lib\site-packages\starlette\applications.py", line 96, in __call__
    await self.middleware_stack(scope, receive, send)
  File "D:\ai-smart-civic-services\backend\venv\lib\site-packages\starlette\middleware\errors.py", line 186, in __call__
    raise exc
  File "D:\ai-smart-civic-services\backend\venv\lib\site-packages\starlette\middleware\errors.py", line 164, in __call__
    await self.app(scope, receive, _send)
  File "D:\ai-smart-civic-services\backend\venv\lib\site-packages\starlette\middleware\cors.py", line 96, in __call__
    await self.simple_response(scope, receive, send, request_headers=headers)
  File "D:\ai-smart-civic-services\backend\venv\lib\site-packages\starlette\middleware\cors.py", line 154, in simple_response
    await self.app(scope, receive, send)
  File "D:\ai-smart-civic-services\backend\venv\lib\site-packages\starlette\middleware\exceptions.py", line 63, in __call__
    await wrap_app_handling_exceptions(self.app, conn)(scope, receive, send)
  File "D:\ai-smart-civic-services\backend\venv\lib\site-packages\starlette\_exception_handler.py", line 53, in wrapped_app
    raise exc
  File "D:\ai-smart-civic-services\backend\venv\lib\site-packages\starlette\_exception_handler.py", line 42, in wrapped_app
    await app(scope, receive, sender)
  File "D:\ai-smart-civic-services\backend\venv\lib\site-packages\fastapi\middleware\asyncexitstack.py", line 18, in __call__
    await self.app(scope, receive, send)
  File "D:\ai-smart-civic-services\backend\venv\lib\site-packages\starlette\routing.py", line 670, in __call__
    await self.middleware_stack(scope, receive, send)
  File "D:\ai-smart-civic-services\backend\venv\lib\site-packages\fastapi\routing.py", line 2734, in app
    await route.handle(scope, receive, send)
  File "D:\ai-smart-civic-services\backend\venv\lib\site-packages\fastapi\routing.py", line 1780, in handle
    await self.original_router.handle(scope, receive, send)
  File "D:\ai-smart-civic-services\backend\venv\lib\site-packages\fastapi\routing.py", line 2789, in handle
    await included_router._handle_selected(scope, receive, send)
  File "D:\ai-smart-civic-services\backend\venv\lib\site-packages\fastapi\routing.py", line 1800, in _handle_selected
    await original_route.handle(scope, receive, send)
  File "D:\ai-smart-civic-services\backend\venv\lib\site-packages\fastapi\routing.py", line 1279, in handle
    await app(scope, receive, send)
  File "D:\ai-smart-civic-services\backend\venv\lib\site-packages\fastapi\routing.py", line 158, in app
    await wrap_app_handling_exceptions(app, request)(scope, receive, send)
  File "D:\ai-smart-civic-services\backend\venv\lib\site-packages\starlette\_exception_handler.py", line 53, in wrapped_app
    raise exc
  File "D:\ai-smart-civic-services\backend\venv\lib\site-packages\starlette\_exception_handler.py", line 42, in wrapped_app
    await app(scope, receive, sender)
  File "D:\ai-smart-civic-services\backend\venv\lib\site-packages\fastapi\routing.py", line 144, in app
    response = await f(request)
  File "D:\ai-smart-civic-services\backend\venv\lib\site-packages\fastapi\routing.py", line 706, in app
    raw_response = await run_endpoint_function(
  File "D:\ai-smart-civic-services\backend\venv\lib\site-packages\fastapi\routing.py", line 354, in run_endpoint_function
    return await run_in_threadpool(dependant.call, **values)
  File "D:\ai-smart-civic-services\backend\venv\lib\site-packages\starlette\concurrency.py", line 34, in run_in_threadpool
    return await anyio.to_thread.run_sync(func)
  File "D:\ai-smart-civic-services\backend\venv\lib\site-packages\anyio\to_thread.py", line 65, in run_sync
    return await get_async_backend().run_sync_in_worker_thread(
  File "D:\ai-smart-civic-services\backend\venv\lib\site-packages\anyio\_backends\_asyncio.py", line 2641, in run_sync_in_worker_thread
    return await future
  File "D:\ai-smart-civic-services\backend\venv\lib\site-packages\anyio\_backends\_asyncio.py", line 1033, in run
    result = context.run(func, *args)
  File "D:\ai-smart-civic-services\backend\app\routes\complaints.py", line 66, in analyze_preview
    existing = complaint_manager.get_all(db, limit=500)
  File "D:\ai-smart-civic-services\backend\app\services\db_manager.py", line 21, in get_all
    return [self.model.from_document(document) for document in cursor]
  File "D:\ai-smart-civic-services\backend\app\services\db_manager.py", line 21, in <listcomp>
    return [self.model.from_document(document) for document in cursor]
  File "D:\ai-smart-civic-services\backend\venv\lib\site-packages\pymongo\synchronous\cursor.py", line 1166, in __next__
    return self.next()
  File "D:\ai-smart-civic-services\backend\venv\lib\site-packages\pymongo\synchronous\cursor.py", line 1142, in next
    if len(self._data) or self._refresh():
  File "D:\ai-smart-civic-services\backend\venv\lib\site-packages\pymongo\synchronous\cursor.py", line 1090, in _refresh
    self._send_message(q)
  File "D:\ai-smart-civic-services\backend\venv\lib\site-packages\pymongo\synchronous\cursor.py", line 985, in _send_message
    response = client._run_operation(
  File "D:\ai-smart-civic-services\backend\venv\lib\site-packages\pymongo\_csot.py", line 125, in csot_wrapper
    return func(self, *args, **kwargs)
  File "D:\ai-smart-civic-services\backend\venv\lib\site-packages\pymongo\synchronous\mongo_client.py", line 1956, in _run_operation
    return self._retryable_read(
  File "D:\ai-smart-civic-services\backend\venv\lib\site-packages\pymongo\synchronous\mongo_client.py", line 2076, in _retryable_read
    return self._retry_internal(
  File "D:\ai-smart-civic-services\backend\venv\lib\site-packages\pymongo\_csot.py", line 125, in csot_wrapper
    return func(self, *args, **kwargs)
  File "D:\ai-smart-civic-services\backend\venv\lib\site-packages\pymongo\synchronous\mongo_client.py", line 2038, in _retry_internal
    ).run()
  File "D:\ai-smart-civic-services\backend\venv\lib\site-packages\pymongo\synchronous\mongo_client.py", line 2811, in run
    res = self._read() if self._is_read else self._write()
  File "D:\ai-smart-civic-services\backend\venv\lib\site-packages\pymongo\synchronous\mongo_client.py", line 3027, in _read
    self._server = self._get_server()
  File "D:\ai-smart-civic-services\backend\venv\lib\site-packages\pymongo\synchronous\mongo_client.py", line 2975, in _get_server
    return self._client._select_server(
  File "D:\ai-smart-civic-services\backend\venv\lib\site-packages\pymongo\synchronous\mongo_client.py", line 1838, in _select_server
    topology = self._get_topology()
  File "D:\ai-smart-civic-services\backend\venv\lib\site-packages\pymongo\synchronous\mongo_client.py", line 1776, in _get_topology
    self._resolve_srv()
  File "D:\ai-smart-civic-services\backend\venv\lib\site-packages\pymongo\synchronous\mongo_client.py", line 927, in _resolve_srv
    res = uri_parser._parse_srv(
  File "D:\ai-smart-civic-services\backend\venv\lib\site-packages\pymongo\synchronous\uri_parser.py", line 168, in _parse_srv
    nodes = dns_resolver.get_hosts()
  File "D:\ai-smart-civic-services\backend\venv\lib\site-packages\pymongo\synchronous\srv_resolver.py", line 148, in get_hosts
    _, nodes = self._get_srv_response_and_hosts(True)
  File "D:\ai-smart-civic-services\backend\venv\lib\site-packages\pymongo\synchronous\srv_resolver.py", line 122, in _get_srv_response_and_hosts
    results = self._resolve_uri(encapsulate_errors)
  File "D:\ai-smart-civic-services\backend\venv\lib\site-packages\pymongo\synchronous\srv_resolver.py", line 116, in _resolve_uri
    raise ConfigurationError(str(exc)) from exc
pymongo.errors.ConfigurationError: The resolution lifetime expired after 20.212 seconds: Server Do53:8.8.8.8@53 answered The DNS operation timed out.; Server Do53:192.168.30.1@53 answered The DNS operation timed out.; Server Do53:192.168.0.1@53 answered The DNS operation timed out.; Server Do53:192.168.60.1@53 answered The DNS operation timed out.; Server Do53:192.168.50.11@53 answered The DNS operation timed out.; Server Do53:8.8.8.8@53 answered The DNS operation timed out.; Server Do53:192.168.30.1@53 answered The DNS operation timed out.; Server Do53:192.168.0.1@53 answered The DNS operation timed out.; Server Do53:192.168.60.1@53 answered The DNS operation timed out.; Server Do53:192.168.50.11@53 answered The DNS operation timed out.
INFO:google_genai.models:AFC is enabled with max remote calls: 10.
ERROR:    Exception in ASGI application
Traceback (most recent call last):
  File "D:\ai-smart-civic-services\backend\venv\lib\site-packages\pymongo\synchronous\srv_resolver.py", line 108, in _resolve_uri
    results = _resolve(
  File "D:\ai-smart-civic-services\backend\venv\lib\site-packages\pymongo\synchronous\srv_resolver.py", line 53, in _resolve
    return resolver.resolve(*args, **kwargs)
  File "D:\ai-smart-civic-services\backend\venv\lib\site-packages\dns\resolver.py", line 1572, in resolve
    return get_default_resolver().resolve(
  File "D:\ai-smart-civic-services\backend\venv\lib\site-packages\dns\resolver.py", line 1328, in resolve
    timeout = self._compute_timeout(start, lifetime, resolution.errors)
  File "D:\ai-smart-civic-services\backend\venv\lib\site-packages\dns\resolver.py", line 1084, in _compute_timeout
    raise LifetimeTimeout(timeout=duration, errors=errors)
dns.resolver.LifetimeTimeout: The resolution lifetime expired after 20.206 seconds: Server Do53:8.8.8.8@53 answered The DNS operation timed out.; Server Do53:192.168.30.1@53 answered The DNS operation timed out.; Server Do53:192.168.0.1@53 answered The DNS operation timed out.; Server Do53:192.168.60.1@53 answered The DNS operation timed out.; Server Do53:192.168.50.11@53 answered The DNS operation timed out.; Server Do53:8.8.8.8@53 answered The DNS operation timed out.; Server Do53:192.168.30.1@53 answered The DNS operation timed out.; Server Do53:192.168.0.1@53 answered The DNS operation timed out.; Server Do53:192.168.60.1@53 answered The DNS operation timed out.; Server Do53:192.168.50.11@53 answered The DNS operation timed out.

The above exception was the direct cause of the following exception:

Traceback (most recent call last):
  File "D:\ai-smart-civic-services\backend\venv\lib\site-packages\uvicorn\protocols\http\h11_impl.py", line 416, in run_asgi
    result = await app(  # type: ignore[func-returns-value]
  File "D:\ai-smart-civic-services\backend\venv\lib\site-packages\uvicorn\middleware\proxy_headers.py", line 63, in __call__
    return await self.app(scope, receive, send)
  File "D:\ai-smart-civic-services\backend\venv\lib\site-packages\fastapi\applications.py", line 1163, in __call__
    await super().__call__(scope, receive, send)
  File "D:\ai-smart-civic-services\backend\venv\lib\site-packages\starlette\applications.py", line 96, in __call__
    await self.middleware_stack(scope, receive, send)
  File "D:\ai-smart-civic-services\backend\venv\lib\site-packages\starlette\middleware\errors.py", line 186, in __call__
    raise exc
  File "D:\ai-smart-civic-services\backend\venv\lib\site-packages\starlette\middleware\errors.py", line 164, in __call__
    await self.app(scope, receive, _send)
  File "D:\ai-smart-civic-services\backend\venv\lib\site-packages\starlette\middleware\cors.py", line 96, in __call__
    await self.simple_response(scope, receive, send, request_headers=headers)
  File "D:\ai-smart-civic-services\backend\venv\lib\site-packages\starlette\middleware\cors.py", line 154, in simple_response
    await self.app(scope, receive, send)
  File "D:\ai-smart-civic-services\backend\venv\lib\site-packages\starlette\middleware\exceptions.py", line 63, in __call__
    await wrap_app_handling_exceptions(self.app, conn)(scope, receive, send)
  File "D:\ai-smart-civic-services\backend\venv\lib\site-packages\starlette\_exception_handler.py", line 53, in wrapped_app
    raise exc
  File "D:\ai-smart-civic-services\backend\venv\lib\site-packages\starlette\_exception_handler.py", line 42, in wrapped_app
    await app(scope, receive, sender)
  File "D:\ai-smart-civic-services\backend\venv\lib\site-packages\fastapi\middleware\asyncexitstack.py", line 18, in __call__
    await self.app(scope, receive, send)
  File "D:\ai-smart-civic-services\backend\venv\lib\site-packages\starlette\routing.py", line 670, in __call__
    await self.middleware_stack(scope, receive, send)
  File "D:\ai-smart-civic-services\backend\venv\lib\site-packages\fastapi\routing.py", line 2734, in app
    await route.handle(scope, receive, send)
  File "D:\ai-smart-civic-services\backend\venv\lib\site-packages\fastapi\routing.py", line 1780, in handle
    await self.original_router.handle(scope, receive, send)
  File "D:\ai-smart-civic-services\backend\venv\lib\site-packages\fastapi\routing.py", line 2789, in handle
    await included_router._handle_selected(scope, receive, send)
  File "D:\ai-smart-civic-services\backend\venv\lib\site-packages\fastapi\routing.py", line 1800, in _handle_selected
    await original_route.handle(scope, receive, send)
  File "D:\ai-smart-civic-services\backend\venv\lib\site-packages\fastapi\routing.py", line 1279, in handle
    await app(scope, receive, send)
  File "D:\ai-smart-civic-services\backend\venv\lib\site-packages\fastapi\routing.py", line 158, in app
    await wrap_app_handling_exceptions(app, request)(scope, receive, send)
  File "D:\ai-smart-civic-services\backend\venv\lib\site-packages\starlette\_exception_handler.py", line 53, in wrapped_app
    raise exc
  File "D:\ai-smart-civic-services\backend\venv\lib\site-packages\starlette\_exception_handler.py", line 42, in wrapped_app
    await app(scope, receive, sender)
  File "D:\ai-smart-civic-services\backend\venv\lib\site-packages\fastapi\routing.py", line 144, in app
    response = await f(request)
  File "D:\ai-smart-civic-services\backend\venv\lib\site-packages\fastapi\routing.py", line 706, in app
    raw_response = await run_endpoint_function(
  File "D:\ai-smart-civic-services\backend\venv\lib\site-packages\fastapi\routing.py", line 354, in run_endpoint_function
    return await run_in_threadpool(dependant.call, **values)
  File "D:\ai-smart-civic-services\backend\venv\lib\site-packages\starlette\concurrency.py", line 34, in run_in_threadpool
    return await anyio.to_thread.run_sync(func)
  File "D:\ai-smart-civic-services\backend\venv\lib\site-packages\anyio\to_thread.py", line 65, in run_sync
    return await get_async_backend().run_sync_in_worker_thread(
  File "D:\ai-smart-civic-services\backend\venv\lib\site-packages\anyio\_backends\_asyncio.py", line 2641, in run_sync_in_worker_thread
    return await future
  File "D:\ai-smart-civic-services\backend\venv\lib\site-packages\anyio\_backends\_asyncio.py", line 1033, in run
    result = context.run(func, *args)
  File "D:\ai-smart-civic-services\backend\app\routes\complaints.py", line 66, in analyze_preview
    existing = complaint_manager.get_all(db, limit=500)
  File "D:\ai-smart-civic-services\backend\app\services\db_manager.py", line 21, in get_all
    return [self.model.from_document(document) for document in cursor]
  File "D:\ai-smart-civic-services\backend\app\services\db_manager.py", line 21, in <listcomp>
    return [self.model.from_document(document) for document in cursor]
  File "D:\ai-smart-civic-services\backend\venv\lib\site-packages\pymongo\synchronous\cursor.py", line 1166, in __next__
    return self.next()
  File "D:\ai-smart-civic-services\backend\venv\lib\site-packages\pymongo\synchronous\cursor.py", line 1142, in next
    if len(self._data) or self._refresh():
  File "D:\ai-smart-civic-services\backend\venv\lib\site-packages\pymongo\synchronous\cursor.py", line 1090, in _refresh
    self._send_message(q)
  File "D:\ai-smart-civic-services\backend\venv\lib\site-packages\pymongo\synchronous\cursor.py", line 985, in _send_message
    response = client._run_operation(
  File "D:\ai-smart-civic-services\backend\venv\lib\site-packages\pymongo\_csot.py", line 125, in csot_wrapper
    return func(self, *args, **kwargs)
  File "D:\ai-smart-civic-services\backend\venv\lib\site-packages\pymongo\synchronous\mongo_client.py", line 1956, in _run_operation
    return self._retryable_read(
  File "D:\ai-smart-civic-services\backend\venv\lib\site-packages\pymongo\synchronous\mongo_client.py", line 2076, in _retryable_read
    return self._retry_internal(
  File "D:\ai-smart-civic-services\backend\venv\lib\site-packages\pymongo\_csot.py", line 125, in csot_wrapper
    return func(self, *args, **kwargs)
  File "D:\ai-smart-civic-services\backend\venv\lib\site-packages\pymongo\synchronous\mongo_client.py", line 2038, in _retry_internal
    ).run()
  File "D:\ai-smart-civic-services\backend\venv\lib\site-packages\pymongo\synchronous\mongo_client.py", line 2811, in run
    res = self._read() if self._is_read else self._write()
  File "D:\ai-smart-civic-services\backend\venv\lib\site-packages\pymongo\synchronous\mongo_client.py", line 3027, in _read
    self._server = self._get_server()
  File "D:\ai-smart-civic-services\backend\venv\lib\site-packages\pymongo\synchronous\mongo_client.py", line 2975, in _get_server
    return self._client._select_server(
  File "D:\ai-smart-civic-services\backend\venv\lib\site-packages\pymongo\synchronous\mongo_client.py", line 1838, in _select_server
    topology = self._get_topology()
  File "D:\ai-smart-civic-services\backend\venv\lib\site-packages\pymongo\synchronous\mongo_client.py", line 1776, in _get_topology
    self._resolve_srv()
  File "D:\ai-smart-civic-services\backend\venv\lib\site-packages\pymongo\synchronous\mongo_client.py", line 927, in _resolve_srv
    res = uri_parser._parse_srv(
  File "D:\ai-smart-civic-services\backend\venv\lib\site-packages\pymongo\synchronous\uri_parser.py", line 168, in _parse_srv
    nodes = dns_resolver.get_hosts()
  File "D:\ai-smart-civic-services\backend\venv\lib\site-packages\pymongo\synchronous\srv_resolver.py", line 148, in get_hosts
    _, nodes = self._get_srv_response_and_hosts(True)
  File "D:\ai-smart-civic-services\backend\venv\lib\site-packages\pymongo\synchronous\srv_resolver.py", line 122, in _get_srv_response_and_hosts
    results = self._resolve_uri(encapsulate_errors)
  File "D:\ai-smart-civic-services\backend\venv\lib\site-packages\pymongo\synchronous\srv_resolver.py", line 116, in _resolve_uri
    raise ConfigurationError(str(exc)) from exc
pymongo.errors.ConfigurationError: The resolution lifetime expired after 20.206 seconds: Server Do53:8.8.8.8@53 answered The DNS operation timed out.; Server Do53:192.168.30.1@53 answered The DNS operation timed out.; Server Do53:192.168.0.1@53 answered The DNS operation timed out.; Server Do53:192.168.60.1@53 answered The DNS operation timed out.; Server Do53:192.168.50.11@53 answered The DNS operation timed out.; Server Do53:8.8.8.8@53 answered The DNS operation timed out.; Server Do53:192.168.30.1@53 answered The DNS operation timed out.; Server Do53:192.168.0.1@53 answered The DNS operation timed out.; Server Do53:192.168.60.1@53 answered The DNS operation timed out.; Server Do53:192.168.50.11@53 answered The DNS operation timed out.
